
> automatisation-support@1.0.0 support:v2:text-dataset
> tsx scripts/support-processing-pipeline/v2/runTextAnalysisDataset.ts --case unsupported-standard-question --until render --debug

Unknown case "unsupported-standard-question". Use --list to see cases.

Available V2 text analysis dataset cases:

  greeting — Greeting only
  negative-feedback — Negative feedback only
  real-thanks — Real thanks
  handover-only — Isolated handover request
  handover-with-problem — Handover request with separable support problem (1 existing topic(s))
  mixed — Mixed greeting, feedback, support issue and urgency (1 existing topic(s))
  support-facts-tested-action — Explicit support issue with facts and tested action (1 existing topic(s))
  support-embedded-impolite-cue — Embedded impolite support cue (1 existing topic(s))
  support-embedded-frustration-cue — Embedded frustration support cue (1 existing topic(s))
  short-context — Short contextual answer (1 existing topic(s))
  multi-support-needs — One support macro-segment with independent needs
  single-issue-rich — One issue with trigger, error, environment and tested action
  topic-continuation — LLM3 topic continuation (1 existing topic(s))
  topic-new-billing — LLM3 new billing topic (1 existing topic(s))
  topic-two-subjects — LLM3 two support subjects with existing topics (2 existing topic(s))
  topic-urgency — LLM3 linked urgency segment (1 existing topic(s))
  topic-contextual-field-answer — LLM3 contextual answer to requested topic field (1 existing topic(s))
  out-of-scope — Out of scope
  safety — Safety-sensitive text
  suspicious-blocked — Suspicious account with matched pattern

