
> automatisation-support@1.0.0 support:v2:text-dataset
> tsx scripts/support-processing-pipeline/v2/runTextAnalysisDataset.ts --case access-blocked-simple --until render --debug

Error: Unknown case "access-blocked-simple". Use --list to see cases.
    at selectCases (/home/georges/automatisation-support/scripts/support-processing-pipeline/v2/runTextAnalysisDataset.ts:386:11)
    at main (/home/georges/automatisation-support/scripts/support-processing-pipeline/v2/runTextAnalysisDataset.ts:1779:21)
    at import_analyzeTextSurface (/home/georges/automatisation-support/scripts/support-processing-pipeline/v2/runTextAnalysisDataset.ts:1796:1)
    at Object.<anonymous> (/home/georges/automatisation-support/scripts/support-processing-pipeline/v2/runTextAnalysisDataset.ts:1799:2)
    at Module._compile (node:internal/modules/cjs/loader:1705:14)
    at Object.transformer (/home/georges/automatisation-support/node_modules/tsx/dist/register-D46fvsV_.cjs:3:1104)
    at Module.load (node:internal/modules/cjs/loader:1441:32)
    at Function._load (node:internal/modules/cjs/loader:1263:12)
    at TracingChannel.traceSync (node:diagnostics_channel:328:14)
    at wrapModuleLoad (node:internal/modules/cjs/loader:237:24)

Available V2 text analysis dataset cases:

  greeting — Greeting only
  negative-feedback — Negative feedback only
  real-thanks — Real thanks
  handover-only — Isolated handover request
  handover-with-problem — Handover request with separable support problem (1 existing topic(s))
  mixed — Mixed greeting, feedback, support issue and urgency (1 existing topic(s))
  support-facts-tested-action — Explicit support issue with facts and tested action (1 existing topic(s))
  support-embedded-impolite-cue — Embedded impolite support cue (1 existing topic(s))
  support-embedded-frustration-cue — Embedded frustration support cue (1 existing topic(s))
  short-context — Short contextual answer (1 existing topic(s))
  multi-support-needs — One support macro-segment with independent needs
  single-issue-rich — One issue with trigger, error, environment and tested action
  topic-continuation — LLM3 topic continuation (1 existing topic(s))
  topic-new-billing — LLM3 new billing topic (1 existing topic(s))
  topic-two-subjects — LLM3 two support subjects with existing topics (2 existing topic(s))
  multi-topic-access-billing — Multi-topic access and duplicate invoice with standard opening (2 existing topic(s))
  android-notification-not-received — Android notification not received after new email
  language-zh-android-notifications — Language detection: Chinese Android notifications
  language-it-notifications — Language detection: Italian notifications
  language-de-after-fr-context — Language detection: German after strong French context (1 existing topic(s))
  language-es-after-fr-context — Language detection: Spanish after strong French context
  language-en-after-fr-context — Language detection: English after strong French context
  language-fr-after-de-context — Language detection: French after strong German context
  language-it-after-en-context — Language detection: Italian after strong English context
  language-zh-after-fr-context — Language detection: Chinese after strong French context
  language-short-de-ja-after-fr-context — Language detection: short German answer after French support context (1 existing topic(s))
  language-short-it-si-after-fr-context — Language detection: short Italian answer after French support context (1 existing topic(s))
  language-unknown-id-after-fr-context — Language detection: numeric id after French support context (1 existing topic(s))
  language-zh-with-french-auto-wrapper — Language detection: Chinese with French automatic wrapper
  language-it-with-french-auto-wrapper — Language detection: Italian with French automatic wrapper
  android-notification-follow-up — Android notification permission confirmed but issue persists (1 existing topic(s))
  android-notification-technical-details-follow-up — Android notification technical details after checks confirmed (1 existing topic(s))
  topic-urgency — LLM3 linked urgency segment (1 existing topic(s))
  topic-contextual-field-answer — LLM3 contextual answer to requested topic field (1 existing topic(s))
  real-multi-bug-app-crash-dark-theme-my-vault — Real multi-bug: app crash, dark theme contrast, My Vault shortcut
  real-scroll-folder-checkboxes-then-rename-issue — Real mixed state: scroll issue improved, rename issue remains
  real-folder-create-rename-app-error — Real folder create and rename bug with error message
  real-folder-create-rename-app-and-web — Real folder create and rename bug across app and web
  real-android-folder-create-error — Real Android folder creation bug with exact error
  real-twake-desktop-install-store-paid — Real Twake Desktop install confusion through Microsoft Store
  real-english-multi-product-questions-crash-sync-mail — Real English multi-topic product questions and Twake Pass crash
  real-twake-pass-crash-follow-up — Real Twake Pass crash follow-up with existing topic (1 existing topic(s))
  real-connectors-broken-ensap-netflix-bank — Real long-term broken connectors and request for status
  real-offer-switch-discovery-onlyoffice-devices — Real offer switch request: discovery plan, OnlyOffice and device limit
  real-password-reset-not-requested-security — Real password reset not requested with possible account security concern
  real-bank-retired-churn — Real Bank app retired and churn intent
  real-out-of-scope-restaurant-marketing — Real out-of-scope restaurant marketing spam
  real-duplicate-monthly-charge-cozy-easypark — Real duplicate monthly charge with amount and providers
  real-access-invalid-credentials-ios-voiceover-altcha — Real access issue with invalid credentials, reset failure and VoiceOver AltCha question
  real-subscription-suspend-data-deletion — Real subscription suspension and data deletion concern
  real-mfa-option-question — Real MFA option question
  real-android-photos-tab-missing-sync — Real Android Photos tab missing and sync setup impossible
  real-ios-share-document-to-twake-no-action — Real iOS share document to Twake does nothing
  real-ios-share-document-context-follow-up — Real iOS share document contextual follow-up (1 existing topic(s))
  out-of-scope — Out of scope
  safety — Safety-sensitive text
  suspicious-blocked — Suspicious account with matched pattern

